// Jest Snapshot v1, https://goo.gl/fbAQLP

exports[`Image should render correctly 1`] = `
<img
  alt="mockTitle"
  className="image"
  src="mockUrl"
/>
`;
